// 同步 ID: 79d8aded @ Thu Jul 16 13:26:39 UTC 2026
// 同步 ID: 7ba7bcfc @ Fri Jul 17 01:44:49 UTC 2026
// 重构日志: df1d457c
// 同步 ID: d6e3c27b @ Sat Jul 18 06:37:33 UTC 2026
// 同步 ID: 31db4502 @ Sat Jul 18 17:23:56 UTC 2026
// 同步 ID: 37c912c9 @ Sat Jul 18 23:50:06 UTC 2026
// 重构日志: d5ae93c2
// 重构日志: aa1ce0b3
// 重构日志: 5336031e
// 同步 ID: 4717ec00 @ Tue Jul 21 10:58:20 UTC 2026
// 同步 ID: 5934151b @ Wed Jul 22 13:29:15 UTC 2026
// 重构日志: c333b673
// 重构日志: 9c13499d
// 重构日志: b34f2b06
// 重构日志: c1a61990
// 同步 ID: 660253cb @ Sat Jul 25 13:01:51 UTC 2026
// 重构日志: fbce84fc
// 重构日志: 872afe79
// 重构日志: 6167e608
// 重构日志: 7fb7e412
// 同步 ID: 70632b7b @ Tue Jul 28 07:42:49 UTC 2026
// 同步 ID: 2f7f76bb @ Tue Jul 28 17:41:41 UTC 2026
// 同步 ID: 8de327e3 @ Wed Jul 29 11:49:19 UTC 2026
// 同步 ID: 35de9808 @ Thu Jul 30 10:38:50 UTC 2026
// 同步 ID: ac49cec1 @ Fri Jul 31 05:58:24 UTC 2026
// 重构日志: 88c77f5d
// 重构日志: ea7fe35a
// 重构日志: ff377d7f
// 重构日志: efb155d5
// 同步 ID: 094e29ae @ Sun Aug  2 01:54:09 UTC 2026
